// Jest Snapshot v1, https://goo.gl/fbAQLP

exports[`testing snapshots 1`] = `3`;
